// Jest Snapshot v1, https://goo.gl/fbAQLP

exports[`renders App 1`] = `
<View
  style={
    Object {
      "alignItems": "center",
      "backgroundColor": "#fff",
      "flex": 1,
      "justifyContent": "center",
    }
  }
>
  <Text>
    Open up App.js to start working on your app!
  </Text>
  <RNSVGSvgView
    bbHeight="90%"
    bbWidth="100%"
    height="90%"
    style={
      Array [
        Object {
          "backgroundColor": "transparent",
          "borderWidth": 0,
        },
        undefined,
        false,
        Object {
          "flex": 0,
          "height": "90%",
          "width": "100%",
        },
      ]
    }
    width="100%"
  >
    <RNSVGGroup
      fill={
        Array [
          0,
          0,
          0,
          0,
          1,
        ]
      }
      fillOpacity={1}
      fillRule={1}
      font={Object {}}
      matrix={
        Array [
          1,
          0,
          0,
          1,
          0,
          0,
        ]
      }
      opacity={1}
      originX={0}
      originY={0}
      propList={Array []}
      rotation={0}
      scaleX={1}
      scaleY={1}
      skewX={0}
      skewY={0}
      stroke={null}
      strokeDasharray={null}
      strokeDashoffset={null}
      strokeLinecap={0}
      strokeLinejoin={0}
      strokeMiterlimit={4}
      strokeOpacity={1}
      strokeWidth="1"
      x={0}
      y={0}
    >
      <RNSVGPath
        d="M0 100 10 20 20 40 30 60 40 20 50 90 60 80 70 60 80 20 "
        fill={null}
        fillOpacity={1}
        fillRule={1}
        matrix={
          Array [
            1,
            0,
            0,
            1,
            0,
            0,
          ]
        }
        opacity={1}
        originX={0}
        originY={0}
        propList={
          Array [
            "stroke",
            "strokeWidth",
            "fill",
          ]
        }
        rotation={0}
        scaleX={1}
        scaleY={1}
        skewX={0}
        skewY={0}
        stroke={
          Array [
            0,
            0,
            0,
            0,
            1,
          ]
        }
        strokeDasharray={null}
        strokeDashoffset={null}
        strokeLinecap={0}
        strokeLinejoin={0}
        strokeMiterlimit={4}
        strokeOpacity={1}
        strokeWidth="3"
        x={0}
        y={0}
      />
    </RNSVGGroup>
  </RNSVGSvgView>
</View>
`;
