// Jest Snapshot v1, https://goo.gl/fbAQLP

exports[`useHeartRateQuery hook renders correct data 1`] = `
Object {
  "heartRatePredictions": Array [
    Object {
      "__typename": "HeartRateList",
      "bedtime_start": "1970-01-01T00:00:30.012Z",
      "history": Object {
        "__typename": "HeartRateList",
        "rates": Array [
          75,
          76,
          74,
          75,
          75,
          76,
          75,
          75,
          74,
          73,
          73,
          72,
          74,
          72,
          64,
          64,
          64,
          66,
          66,
          67,
          68,
          63,
          63,
          66,
          64,
          63,
          65,
          62,
          61,
          61,
          63,
          62,
          63,
          64,
          61,
          61,
          61,
          60,
          60,
          60,
          63,
          58,
          58,
          59,
          60,
          61,
          61,
          62,
          62,
          57,
          58,
          58,
          57,
          58,
          62,
          59,
          58,
          57,
          58,
          59,
          60,
          61,
          62,
          61,
          62,
          63,
          59,
          57,
          55,
          58,
          57,
          58,
          57,
          60,
          0,
          57,
          55,
          57,
          57,
          58,
          61,
          60,
          0,
          0,
          0,
          0,
          0,
          60,
          60,
          0,
          0,
        ],
      },
      "rates": Array [
        47,
        33,
        37,
        35,
        35,
        36,
        35,
        35,
        35,
        35,
        35,
        35,
        35,
        36,
        36,
        36,
        36,
        36,
        36,
        36,
        36,
      ],
      "summary_date": "2018-11-06_ml_model_foo",
    },
  ],
}
`;
